182.69.183.232 - - [18/Feb/2025:07:10:46 +0000] "GET / HTTP/1.1" 200 749 "-" "Mozilla/5.0 (Windows NT 10.0; Win64; x64) AppleWebKit/537.36 (KHTML, like Gecko) Chrome/133.0.0.0 Safari/537.36"
182.69.183.232 - - [18/Feb/2025:07:11:38 +0000] "-" 408 0 "-" "-"
182.69.183.232 - - [18/Feb/2025:07:12:41 +0000] "GET / HTTP/1.1" 200 749 "-" "Mozilla/5.0 (Windows NT 10.0; Win64; x64) AppleWebKit/537.36 (KHTML, like Gecko) Chrome/133.0.0.0 Safari/537.36"
182.69.183.232 - - [18/Feb/2025:07:13:32 +0000] "-" 408 0 "-" "-"
182.69.183.232 - - [18/Feb/2025:07:17:47 +0000] "GET / HTTP/1.1" 200 749 "-" "Mozilla/5.0 (Windows NT 10.0; Win64; x64) AppleWebKit/537.36 (KHTML, like Gecko) Chrome/133.0.0.0 Safari/537.36"
182.69.183.232 - - [18/Feb/2025:07:18:38 +0000] "-" 408 0 "-" "-"
74.125.150.35 - - [18/Feb/2025:07:22:52 +0000] "GET //image.php?reader=cf47dfd7a67688cd2e06831173783ef3 HTTP/1.1" 200 431 "http://mail.google.com/" "Mozilla/5.0 (Windows NT 10.0; Win64; x64) AppleWebKit/537.36 (KHTML, like Gecko) Chrome/42.0.2311.135 Safari/537.36 Edge/12.246 Mozilla/5.0"
52.194.65.86 - - [18/Feb/2025:07:22:55 +0000] "GET /?AuthToken=25b7973b522ec0fabb23250990760030 HTTP/1.1" 200 749 "-" "Mozilla/5.0 (Windows NT 10.0; Win64; x64) AppleWebKit/537.36 (KHTML, like Gecko) Chrome/127.0.0.0 Safari/537.36"
20.37.120.145 - - [18/Feb/2025:07:22:59 +0000] "GET /?AuthToken=25b7973b522ec0fabb23250990760030 HTTP/1.1" 200 749 "-" "Mozilla/5.0 (Windows NT 10.0; Win64; x64) AppleWebKit/537.36 (KHTML, like Gecko) Chrome/126.0.0.0 Safari/537.36"
52.140.230.95 - - [18/Feb/2025:07:23:00 +0000] "GET /?AuthToken=25b7973b522ec0fabb23250990760030 HTTP/1.1" 200 749 "-" "Mozilla/5.0 (Windows NT 10.0; Win64; x64) AppleWebKit/537.36 (KHTML, like Gecko) Chrome/126.0.0.0 Safari/537.36"
182.69.183.232 - - [18/Feb/2025:07:23:10 +0000] "GET / HTTP/1.1" 200 749 "-" "Mozilla/5.0 (Windows NT 10.0; Win64; x64) AppleWebKit/537.36 (KHTML, like Gecko) Chrome/133.0.0.0 Safari/537.36"
182.69.183.232 - - [18/Feb/2025:07:23:11 +0000] "GET /favicon.ico HTTP/1.1" 404 492 "http://147.93.111.204/" "Mozilla/5.0 (Windows NT 10.0; Win64; x64) AppleWebKit/537.36 (KHTML, like Gecko) Chrome/133.0.0.0 Safari/537.36"
52.172.236.205 - - [18/Feb/2025:07:24:48 +0000] "GET //image.php?reader=25b7973b522ec0fabb23250990760030 HTTP/1.1" 200 431 "-" "Mozilla/5.0 (Windows NT 10.0; Win64; x64) AppleWebKit/537.36 (KHTML, like Gecko) Chrome/109.0.0.0 Safari/537.36"
52.172.236.205 - - [18/Feb/2025:07:25:09 +0000] "GET //image.php?reader=25b7973b522ec0fabb23250990760030 HTTP/1.1" 200 431 "-" "Mozilla/5.0 (Windows NT 10.0; Win64; x64) AppleWebKit/537.36 (KHTML, like Gecko) Chrome/125.0.6422.141 Safari/537.36"
52.172.236.205 - - [18/Feb/2025:07:25:09 +0000] "GET //?AuthToken=25b7973b522ec0fabb23250990760030 HTTP/1.1" 200 749 "-" "Mozilla/5.0 (Windows NT 10.0; Win64; x64) AppleWebKit/537.36 (KHTML, like Gecko) Chrome/125.0.6422.141 Safari/537.36"
52.172.236.205 - - [18/Feb/2025:07:25:15 +0000] "GET /favicon.ico HTTP/1.1" 404 493 "http://147.93.111.204//image.php?reader=25b7973b522ec0fabb23250990760030" "Mozilla/5.0 (Windows NT 10.0; Win64; x64) AppleWebKit/537.36 (KHTML, like Gecko) Chrome/125.0.6422.141 Safari/537.36"
52.172.236.205 - - [18/Feb/2025:07:25:25 +0000] "GET /favicon.ico HTTP/1.1" 404 493 "http://147.93.111.204//?AuthToken=25b7973b522ec0fabb23250990760030" "Mozilla/5.0 (Windows NT 10.0; Win64; x64) AppleWebKit/537.36 (KHTML, like Gecko) Chrome/125.0.6422.141 Safari/537.36"
104.47.74.190 - - [18/Feb/2025:07:56:26 +0000] "HEAD /?AuthToken=25b7973b522ec0fabb23250990760030 HTTP/1.1" 200 308 "-" "-"
116.50.59.201 - - [18/Feb/2025:07:56:30 +0000] "GET /?AuthToken=25b7973b522ec0fabb23250990760030 HTTP/1.1" 200 693 "-" "Mozilla/5.0 (Windows NT 10.0; Win64; x64) AppleWebKit/537.36 (KHTML, like Gecko) Chrome/132.0.0.0 Safari/537.36 Edg/132.0.0.0"
116.50.59.201 - - [18/Feb/2025:07:56:34 +0000] "GET /favicon.ico HTTP/1.1" 404 437 "http://147.93.111.204/?AuthToken=25b7973b522ec0fabb23250990760030" "Mozilla/5.0 (Windows NT 10.0; Win64; x64) AppleWebKit/537.36 (KHTML, like Gecko) Chrome/132.0.0.0 Safari/537.36 Edg/132.0.0.0"
74.225.247.252 - - [18/Feb/2025:07:56:38 +0000] "GET /?AuthToken=25b7973b522ec0fabb23250990760030 HTTP/1.1" 200 749 "-" "Mozilla/5.0 (Windows NT 10.0; Win64; x64) AppleWebKit/537.36 (KHTML, like Gecko) Chrome/125.0.6422.142 Safari/537.36"
74.225.247.252 - - [18/Feb/2025:07:56:50 +0000] "GET /favicon.ico HTTP/1.1" 404 493 "http://147.93.111.204/?AuthToken=25b7973b522ec0fabb23250990760030" "Mozilla/5.0 (Windows NT 10.0; Win64; x64) AppleWebKit/537.36 (KHTML, like Gecko) Chrome/125.0.6422.142 Safari/537.36"
77.237.170.164 - - [18/Feb/2025:08:00:14 +0000] "GET / HTTP/1.1" 200 881 "-" "Mozilla/5.0 (Macintosh; Intel Mac OS X 10_11_6) AppleWebKit/601.7.7 (KHTML, like Gecko) Version/9.1.2 Safari/601.7.7"
106.194.115.119 - - [18/Feb/2025:08:04:23 +0000] "GET //image.php?reader=8647a71e8bc36611235d008d31fa1722 HTTP/1.1" 200 431 "-" "Mozilla/5.0 (iPhone; CPU iPhone OS 18_1_1 like Mac OS X) AppleWebKit/605.1.15 (KHTML, like Gecko) Mobile/15E148"
106.194.115.119 - - [18/Feb/2025:08:04:23 +0000] "GET //image.php?reader=8647a71e8bc36611235d008d31fa1722 HTTP/1.1" 200 431 "-" "Mozilla/5.0 (iPhone; CPU iPhone OS 18_1_1 like Mac OS X) AppleWebKit/605.1.15 (KHTML, like Gecko) Mobile/15E148"
106.194.115.119 - - [18/Feb/2025:08:04:47 +0000] "GET //?AuthToken=8647a71e8bc36611235d008d31fa1722 HTTP/1.1" 200 749 "-" "Mozilla/5.0 (iPhone; CPU iPhone OS 18_1_1 like Mac OS X) AppleWebKit/605.1.15 (KHTML, like Gecko) Version/18.1.1 Mobile/15E148 Safari/604.1"
106.194.115.119 - - [18/Feb/2025:08:04:47 +0000] "GET /favicon.ico HTTP/1.1" 404 492 "http://147.93.111.204//?AuthToken=8647a71e8bc36611235d008d31fa1722" "Mozilla/5.0 (iPhone; CPU iPhone OS 18_1_1 like Mac OS X) AppleWebKit/605.1.15 (KHTML, like Gecko) Version/18.1.1 Mobile/15E148 Safari/604.1"
182.69.183.232 - - [18/Feb/2025:08:33:42 +0000] "GET / HTTP/1.1" 200 749 "-" "Mozilla/5.0 (Windows NT 10.0; Win64; x64) AppleWebKit/537.36 (KHTML, like Gecko) Chrome/133.0.0.0 Safari/537.36"
182.69.183.232 - - [18/Feb/2025:08:33:43 +0000] "GET /favicon.ico HTTP/1.1" 404 491 "http://moodscape.fun/" "Mozilla/5.0 (Windows NT 10.0; Win64; x64) AppleWebKit/537.36 (KHTML, like Gecko) Chrome/133.0.0.0 Safari/537.36"
182.69.183.232 - - [18/Feb/2025:08:34:33 +0000] "-" 408 0 "-" "-"
182.69.183.232 - - [18/Feb/2025:08:34:33 +0000] "-" 408 0 "-" "-"
23.178.112.214 - - [18/Feb/2025:08:39:06 +0000] "GET /.well-known/acme-challenge/sYfYJkvJAfSdGI6HZqbO9Pi1eEvXkS3g1WSAK3HiTyI HTTP/1.1" 404 455 "-" "Mozilla/5.0 (compatible; Let's Encrypt validation server; +https://www.letsencrypt.org)"
23.178.112.216 - - [18/Feb/2025:08:39:08 +0000] "GET /.well-known/acme-challenge/u0RHcCj2NlwJzEVD5wHcAThnzs4mXFlacksUzfJwmhE HTTP/1.1" 404 459 "-" "Mozilla/5.0 (compatible; Let's Encrypt validation server; +https://www.letsencrypt.org)"
44.236.207.248 - - [18/Feb/2025:08:40:44 +0000] "GET / HTTP/1.1" 200 749 "-" "Mozilla/5.0 (X11; Linux x86_64) AppleWebKit/537.36 (KHTML, like Gecko) HeadlessChrome/130.0.0.0 Safari/537.36"
44.236.207.248 - - [18/Feb/2025:08:40:45 +0000] "GET /favicon.ico HTTP/1.1" 404 491 "http://moodscape.fun/" "Mozilla/5.0 (X11; Linux x86_64) AppleWebKit/537.36 (KHTML, like Gecko) HeadlessChrome/130.0.0.0 Safari/537.36"
44.236.207.248 - - [18/Feb/2025:08:41:33 +0000] "-" 408 0 "-" "-"
52.194.65.86 - - [18/Feb/2025:08:50:16 +0000] "GET /image.php?reader=25b7973b522ec0fabb23250990760030 HTTP/1.1" 200 431 "-" "Mozilla/5.0 (Windows NT 10.0; Win64; x64) AppleWebKit/537.36 (KHTML, like Gecko) Chrome/127.0.0.0 Safari/537.36"
4.247.165.233 - - [18/Feb/2025:08:51:04 +0000] "GET //image.php?reader=25b7973b522ec0fabb23250990760030 HTTP/1.1" 200 431 "-" "Mozilla/5.0 (Windows NT 10.0; Win64; x64) AppleWebKit/537.36 (KHTML, like Gecko) Chrome/125.0.6422.114 Safari/537.36"
4.247.165.233 - - [18/Feb/2025:08:51:08 +0000] "GET /favicon.ico HTTP/1.1" 404 493 "http://147.93.111.204//image.php?reader=25b7973b522ec0fabb23250990760030" "Mozilla/5.0 (Windows NT 10.0; Win64; x64) AppleWebKit/537.36 (KHTML, like Gecko) Chrome/125.0.6422.114 Safari/537.36"
170.106.115.226 - - [18/Feb/2025:08:52:54 +0000] "GET / HTTP/1.1" 200 712 "-" "Mozilla/5.0 (iPhone; CPU iPhone OS 13_2_3 like Mac OS X) AppleWebKit/605.1.15 (KHTML, like Gecko) Version/13.0.3 Mobile/15E148 Safari/604.1"
95.9.42.162 - - [18/Feb/2025:08:52:58 +0000] "GET / HTTP/1.0" 200 900 "-" "curl/7.88.1"
146.190.227.52 - - [18/Feb/2025:08:53:31 +0000] "GET / HTTP/1.1" 200 693 "-" "Mozilla/5.0 (compatible)"
146.190.227.52 - - [18/Feb/2025:08:53:31 +0000] "GET /favicon.ico HTTP/1.1" 404 437 "http://147.93.111.204/" "Mozilla/5.0 (compatible)"
23.178.112.100 - - [18/Feb/2025:08:54:20 +0000] "GET /.well-known/acme-challenge/LFDOxx-R8leI0SYmlLOXxyJC2JlY7XzafwHihBe3jaI HTTP/1.1" 404 455 "-" "Mozilla/5.0 (compatible; Let's Encrypt validation server; +https://www.letsencrypt.org)"
23.178.112.108 - - [18/Feb/2025:08:54:21 +0000] "GET /.well-known/acme-challenge/f4qV6zeKkRCtDX5fXy8R1a0ef_uKtNj-tRwDMtHePrQ HTTP/1.1" 404 459 "-" "Mozilla/5.0 (compatible; Let's Encrypt validation server; +https://www.letsencrypt.org)"
75.101.244.126 - - [18/Feb/2025:08:55:14 +0000] "GET /image.php?reader=25b7973b522ec0fabb23250990760030 HTTP/1.1" 200 394 "-" "Mozilla/5.0 (Windows NT 10.0; Win64; x64) AppleWebKit/537.36 (KHTML, like Gecko) Chrome/113.0.0.0 Safari/537.36"
104.47.74.190 - - [18/Feb/2025:08:57:38 +0000] "HEAD /image.php?reader=25b7973b522ec0fabb23250990760030 HTTP/1.1" 200 259 "-" "-"
116.50.59.201 - - [18/Feb/2025:08:57:39 +0000] "GET /image.php?reader=25b7973b522ec0fabb23250990760030 HTTP/1.1" 200 375 "-" "Mozilla/5.0 (Windows NT 10.0; Win64; x64) AppleWebKit/537.36 (KHTML, like Gecko) Chrome/132.0.0.0 Safari/537.36 Edg/132.0.0.0"
20.235.158.140 - - [18/Feb/2025:08:59:13 +0000] "GET /?AuthToken=25b7973b522ec0fabb23250990760030 HTTP/1.1" 200 749 "-" "Mozilla/5.0 (Windows NT 10.0; Win64; x64) AppleWebKit/537.36 (KHTML, like Gecko) Chrome/125.0.6422.142 Safari/537.36"
182.69.183.232 - - [18/Feb/2025:08:59:21 +0000] "GET /?AuthToken=8647a71e8bc36611235d008d31fa1722 HTTP/1.1" 200 749 "-" "Mozilla/5.0 (Windows NT 10.0; Win64; x64) AppleWebKit/537.36 (KHTML, like Gecko) Chrome/133.0.0.0 Safari/537.36 Edg/133.0.0.0"
182.69.183.232 - - [18/Feb/2025:08:59:22 +0000] "GET /favicon.ico HTTP/1.1" 404 492 "http://147.93.111.204/?AuthToken=8647a71e8bc36611235d008d31fa1722" "Mozilla/5.0 (Windows NT 10.0; Win64; x64) AppleWebKit/537.36 (KHTML, like Gecko) Chrome/133.0.0.0 Safari/537.36 Edg/133.0.0.0"
20.235.158.140 - - [18/Feb/2025:08:59:26 +0000] "GET /favicon.ico HTTP/1.1" 404 493 "http://147.93.111.204/?AuthToken=25b7973b522ec0fabb23250990760030" "Mozilla/5.0 (Windows NT 10.0; Win64; x64) AppleWebKit/537.36 (KHTML, like Gecko) Chrome/125.0.6422.142 Safari/537.36"
104.47.74.190 - - [18/Feb/2025:09:00:17 +0000] "HEAD /?AuthToken=25b7973b522ec0fabb23250990760030 HTTP/1.1" 200 308 "-" "-"
116.50.59.201 - - [18/Feb/2025:09:00:17 +0000] "GET /?AuthToken=25b7973b522ec0fabb23250990760030 HTTP/1.1" 200 693 "-" "Mozilla/5.0 (Windows NT 10.0; Win64; x64) AppleWebKit/537.36 (KHTML, like Gecko) Chrome/132.0.0.0 Safari/537.36 Edg/132.0.0.0"
104.47.74.254 - - [18/Feb/2025:09:02:32 +0000] "HEAD /?AuthToken=25b7973b522ec0fabb23250990760030 HTTP/1.1" 200 308 "-" "-"
116.50.59.201 - - [18/Feb/2025:09:02:34 +0000] "GET /?AuthToken=25b7973b522ec0fabb23250990760030 HTTP/1.1" 200 693 "-" "Mozilla/5.0 (Windows NT 10.0; Win64; x64) AppleWebKit/537.36 (KHTML, like Gecko) Chrome/133.0.0.0 Safari/537.36 Edg/133.0.0.0"
116.50.59.201 - - [18/Feb/2025:09:02:40 +0000] "GET /favicon.ico HTTP/1.1" 404 437 "http://147.93.111.204/?AuthToken=25b7973b522ec0fabb23250990760030" "Mozilla/5.0 (Windows NT 10.0; Win64; x64) AppleWebKit/537.36 (KHTML, like Gecko) Chrome/133.0.0.0 Safari/537.36 Edg/133.0.0.0"
104.47.74.254 - - [18/Feb/2025:09:11:49 +0000] "HEAD /?AuthToken=25b7973b522ec0fabb23250990760030 HTTP/1.1" 200 308 "-" "-"
104.47.74.190 - - [18/Feb/2025:09:12:04 +0000] "HEAD /?AuthToken=25b7973b522ec0fabb23250990760030 HTTP/1.1" 200 308 "-" "-"
104.47.74.254 - - [18/Feb/2025:09:14:20 +0000] "HEAD /?AuthToken=25b7973b522ec0fabb23250990760030 HTTP/1.1" 200 308 "-" "-"
23.178.112.107 - - [18/Feb/2025:09:14:46 +0000] "GET /.well-known/acme-challenge/DP2gnflbAFvPmZEqwKLwWg0PcirqNN1Ra1Zn8kI1_e8 HTTP/1.1" 404 455 "-" "Mozilla/5.0 (compatible; Let's Encrypt validation server; +https://www.letsencrypt.org)"
23.178.112.100 - - [18/Feb/2025:09:14:47 +0000] "GET /.well-known/acme-challenge/D2dL9cTiNiUwJn_MvjKaVerzPwdu7OVAz3-yehrvMb8 HTTP/1.1" 404 459 "-" "Mozilla/5.0 (compatible; Let's Encrypt validation server; +https://www.letsencrypt.org)"
182.69.183.232 - - [18/Feb/2025:09:19:07 +0000] "GET /?AuthToken=8647a71e8bc36611235d008d31fa1722 HTTP/1.1" 200 749 "-" "Mozilla/5.0 (Windows NT 10.0; Win64; x64) AppleWebKit/537.36 (KHTML, like Gecko) Chrome/133.0.0.0 Safari/537.36 Edg/133.0.0.0"
182.69.183.232 - - [18/Feb/2025:09:19:08 +0000] "GET /favicon.ico HTTP/1.1" 404 492 "http://147.93.111.204/?AuthToken=8647a71e8bc36611235d008d31fa1722" "Mozilla/5.0 (Windows NT 10.0; Win64; x64) AppleWebKit/537.36 (KHTML, like Gecko) Chrome/133.0.0.0 Safari/537.36 Edg/133.0.0.0"
23.178.112.210 - - [18/Feb/2025:09:39:59 +0000] "GET /.well-known/acme-challenge/PROaCQT_rvx5cX-nPBaBJnsdUGEODMXs-eBc1tmrzkA HTTP/1.1" 404 455 "-" "Mozilla/5.0 (compatible; Let's Encrypt validation server; +https://www.letsencrypt.org)"
23.178.112.212 - - [18/Feb/2025:09:40:00 +0000] "GET /.well-known/acme-challenge/lTj0qcZFdXBmgg22hnlsiYmpuXC3fKsaXQdz1ztZKSk HTTP/1.1" 404 459 "-" "Mozilla/5.0 (compatible; Let's Encrypt validation server; +https://www.letsencrypt.org)"
174.168.5.212 - - [18/Feb/2025:10:02:53 +0000] "GET / HTTP/1.0" 200 900 "-" "curl/7.88.1"
178.128.191.61 - - [18/Feb/2025:10:03:11 +0000] "GET / HTTP/1.1" 200 749 "-" "Mozilla/5.0 (X11; Linux x86_64) AppleWebKit/537.36 (KHTML, like Gecko) Chrome/55.0.2883.87 Safari/537.36"
23.178.112.105 - - [18/Feb/2025:10:10:17 +0000] "GET /.well-known/acme-challenge/YyPR1ItW-wLSUJznrS99VBTMNZjl3OHzsELiV4Q7QQg HTTP/1.1" 404 455 "-" "Mozilla/5.0 (compatible; Let's Encrypt validation server; +https://www.letsencrypt.org)"
23.178.112.105 - - [18/Feb/2025:10:10:18 +0000] "GET /.well-known/acme-challenge/WYfp3Okf__oxU8KXYEsaGboyXAFBgTC7P7M1n3GCvYY HTTP/1.1" 404 459 "-" "Mozilla/5.0 (compatible; Let's Encrypt validation server; +https://www.letsencrypt.org)"
182.69.183.232 - - [18/Feb/2025:10:18:33 +0000] "GET /?AuthToken=8647a71e8bc36611235d008d31fa1722&gift=watch HTTP/1.1" 200 749 "-" "Mozilla/5.0 (Windows NT 10.0; Win64; x64) AppleWebKit/537.36 (KHTML, like Gecko) Chrome/133.0.0.0 Safari/537.36 Edg/133.0.0.0"
182.69.183.232 - - [18/Feb/2025:10:18:33 +0000] "GET /favicon.ico HTTP/1.1" 404 492 "http://147.93.111.204/?AuthToken=8647a71e8bc36611235d008d31fa1722&gift=watch" "Mozilla/5.0 (Windows NT 10.0; Win64; x64) AppleWebKit/537.36 (KHTML, like Gecko) Chrome/133.0.0.0 Safari/537.36 Edg/133.0.0.0"
182.69.183.232 - - [18/Feb/2025:10:18:40 +0000] "GET /?AuthToken=8647a71e8bc36611235d008d31fa1722&gift=hotel HTTP/1.1" 200 749 "-" "Mozilla/5.0 (Windows NT 10.0; Win64; x64) AppleWebKit/537.36 (KHTML, like Gecko) Chrome/133.0.0.0 Safari/537.36 Edg/133.0.0.0"
182.69.183.232 - - [18/Feb/2025:10:18:40 +0000] "GET /favicon.ico HTTP/1.1" 404 492 "http://147.93.111.204/?AuthToken=8647a71e8bc36611235d008d31fa1722&gift=hotel" "Mozilla/5.0 (Windows NT 10.0; Win64; x64) AppleWebKit/537.36 (KHTML, like Gecko) Chrome/133.0.0.0 Safari/537.36 Edg/133.0.0.0"
20.219.95.121 - - [18/Feb/2025:10:19:06 +0000] "GET /?AuthToken=25b7973b522ec0fabb23250990760030&gift=watch HTTP/1.1" 200 749 "-" "Mozilla/5.0 (Windows NT 10.0; Win64; x64) AppleWebKit/537.36 (KHTML, like Gecko) Chrome/125.0.6422.114 Safari/537.36"
20.219.95.121 - - [18/Feb/2025:10:19:06 +0000] "GET /?AuthToken=25b7973b522ec0fabb23250990760030&gift=hotel HTTP/1.1" 200 749 "-" "Mozilla/5.0 (Windows NT 10.0; Win64; x64) AppleWebKit/537.36 (KHTML, like Gecko) Chrome/125.0.6422.114 Safari/537.36"
20.219.95.121 - - [18/Feb/2025:10:19:06 +0000] "GET /image.php?reader=25b7973b522ec0fabb23250990760030 HTTP/1.1" 200 430 "-" "Mozilla/5.0 (Windows NT 10.0; Win64; x64) AppleWebKit/537.36 (KHTML, like Gecko) Chrome/125.0.6422.114 Safari/537.36"
20.219.95.121 - - [18/Feb/2025:10:19:19 +0000] "GET /favicon.ico HTTP/1.1" 404 493 "http://147.93.111.204/image.php?reader=25b7973b522ec0fabb23250990760030" "Mozilla/5.0 (Windows NT 10.0; Win64; x64) AppleWebKit/537.36 (KHTML, like Gecko) Chrome/125.0.6422.114 Safari/537.36"
20.219.95.121 - - [18/Feb/2025:10:19:27 +0000] "GET /favicon.ico HTTP/1.1" 404 493 "http://147.93.111.204/?AuthToken=25b7973b522ec0fabb23250990760030&gift=watch" "Mozilla/5.0 (Windows NT 10.0; Win64; x64) AppleWebKit/537.36 (KHTML, like Gecko) Chrome/125.0.6422.114 Safari/537.36"
20.219.95.121 - - [18/Feb/2025:10:19:29 +0000] "GET /favicon.ico HTTP/1.1" 404 492 "http://147.93.111.204/?AuthToken=25b7973b522ec0fabb23250990760030&gift=hotel" "Mozilla/5.0 (Windows NT 10.0; Win64; x64) AppleWebKit/537.36 (KHTML, like Gecko) Chrome/125.0.6422.114 Safari/537.36"
104.47.74.254 - - [18/Feb/2025:10:20:33 +0000] "HEAD /?AuthToken=25b7973b522ec0fabb23250990760030&gift=watch HTTP/1.1" 200 308 "-" "-"
116.50.59.201 - - [18/Feb/2025:10:20:34 +0000] "GET /?AuthToken=25b7973b522ec0fabb23250990760030&gift=watch HTTP/1.1" 200 693 "-" "Mozilla/5.0 (Windows NT 10.0; Win64; x64) AppleWebKit/537.36 (KHTML, like Gecko) Chrome/132.0.0.0 Safari/537.36 Edg/132.0.0.0"
104.47.74.254 - - [18/Feb/2025:10:20:40 +0000] "HEAD /?AuthToken=25b7973b522ec0fabb23250990760030&gift=hotel HTTP/1.1" 200 308 "-" "-"
116.50.59.201 - - [18/Feb/2025:10:20:40 +0000] "GET /?AuthToken=25b7973b522ec0fabb23250990760030&gift=hotel HTTP/1.1" 200 693 "-" "Mozilla/5.0 (Windows NT 10.0; Win64; x64) AppleWebKit/537.36 (KHTML, like Gecko) Chrome/132.0.0.0 Safari/537.36 Edg/132.0.0.0"
104.47.74.254 - - [18/Feb/2025:10:22:38 +0000] "HEAD /?AuthToken=25b7973b522ec0fabb23250990760030&gift=watch HTTP/1.1" 200 308 "-" "-"
104.47.74.254 - - [18/Feb/2025:10:22:44 +0000] "HEAD /?AuthToken=25b7973b522ec0fabb23250990760030&gift=hotel HTTP/1.1" 200 308 "-" "-"
138.0.242.195 - - [18/Feb/2025:10:25:37 +0000] "GET / HTTP/1.1" 200 749 "-" "Mozilla/5.0 (Windows NT 10.0; WOW64) AppleWebKit/537.36 (KHTML, like Gecko) Chrome/20.0.1132.57 Safari/537.36"
52.102.12.213 - - [18/Feb/2025:10:27:57 +0000] "HEAD /?AuthToken=25b7973b522ec0fabb23250990760030&gift=watch HTTP/1.1" 200 308 "-" "-"
116.50.59.201 - - [18/Feb/2025:10:27:58 +0000] "GET /?AuthToken=25b7973b522ec0fabb23250990760030&gift=watch HTTP/1.1" 200 693 "-" "Mozilla/5.0 (Windows NT 10.0; Win64; x64) AppleWebKit/537.36 (KHTML, like Gecko) Chrome/133.0.0.0 Safari/537.36 Edg/133.0.0.0"
122.117.32.154 - - [18/Feb/2025:10:28:22 +0000] "GET / HTTP/1.0" 200 900 "-" "curl/7.88.1"
44.227.127.2 - - [18/Feb/2025:10:40:04 +0000] "GET / HTTP/1.1" 200 749 "-" "Mozilla/5.0 (X11; Linux x86_64) AppleWebKit/537.36 (KHTML, like Gecko) HeadlessChrome/130.0.0.0 Safari/537.36"
44.227.127.2 - - [18/Feb/2025:10:40:05 +0000] "GET /favicon.ico HTTP/1.1" 404 491 "http://moodscape.fun/" "Mozilla/5.0 (X11; Linux x86_64) AppleWebKit/537.36 (KHTML, like Gecko) HeadlessChrome/130.0.0.0 Safari/537.36"
104.47.74.190 - - [18/Feb/2025:10:40:29 +0000] "HEAD /?AuthToken=25b7973b522ec0fabb23250990760030&gift=watch HTTP/1.1" 200 308 "-" "-"
44.227.127.2 - - [18/Feb/2025:10:40:53 +0000] "-" 408 0 "-" "-"
104.47.74.190 - - [18/Feb/2025:10:40:58 +0000] "HEAD /?AuthToken=25b7973b522ec0fabb23250990760030&gift=hotel HTTP/1.1" 200 308 "-" "-"
116.50.59.201 - - [18/Feb/2025:10:40:59 +0000] "GET /?AuthToken=25b7973b522ec0fabb23250990760030&gift=hotel HTTP/1.1" 200 693 "-" "Mozilla/5.0 (Windows NT 10.0; Win64; x64) AppleWebKit/537.36 (KHTML, like Gecko) Chrome/133.0.0.0 Safari/537.36 Edg/133.0.0.0"
52.136.34.225 - - [18/Feb/2025:10:41:23 +0000] "GET /?AuthToken=25b7973b522ec0fabb23250990760030&gift=hotel HTTP/1.1" 200 749 "-" "Mozilla/5.0 (Windows NT 10.0; Win64; x64) AppleWebKit/537.36 (KHTML, like Gecko) Chrome/125.0.6422.141 Safari/537.36"
104.211.156.139 - - [18/Feb/2025:10:41:27 +0000] "GET /?AuthToken=25b7973b522ec0fabb23250990760030&gift=watch HTTP/1.1" 200 749 "-" "Mozilla/5.0 (Windows NT 10.0; Win64; x64) AppleWebKit/537.36 (KHTML, like Gecko) Chrome/125.0.6422.143 Safari/537.36"
52.136.34.225 - - [18/Feb/2025:10:41:46 +0000] "GET /favicon.ico HTTP/1.1" 404 493 "http://147.93.111.204/?AuthToken=25b7973b522ec0fabb23250990760030&gift=hotel" "Mozilla/5.0 (Windows NT 10.0; Win64; x64) AppleWebKit/537.36 (KHTML, like Gecko) Chrome/125.0.6422.141 Safari/537.36"
104.211.156.139 - - [18/Feb/2025:10:41:57 +0000] "GET /favicon.ico HTTP/1.1" 404 493 "http://147.93.111.204/?AuthToken=25b7973b522ec0fabb23250990760030&gift=watch" "Mozilla/5.0 (Windows NT 10.0; Win64; x64) AppleWebKit/537.36 (KHTML, like Gecko) Chrome/125.0.6422.143 Safari/537.36"
54.248.34.178 - - [18/Feb/2025:10:43:56 +0000] "GET /?AuthToken=4cd8ccc047342c0791bbb41708649f64&gift=watch HTTP/1.1" 200 749 "-" "Mozilla/5.0 (Windows NT 10.0; Win64; x64) AppleWebKit/537.36 (KHTML, like Gecko) Chrome/127.0.0.0 Safari/537.36"
20.37.120.145 - - [18/Feb/2025:10:44:04 +0000] "GET /?AuthToken=4cd8ccc047342c0791bbb41708649f64&gift=watch HTTP/1.1" 200 749 "-" "Mozilla/5.0 (Windows NT 10.0; Win64; x64) AppleWebKit/537.36 (KHTML, like Gecko) Chrome/126.0.0.0 Safari/537.36"
52.194.65.86 - - [18/Feb/2025:10:44:04 +0000] "GET /?AuthToken=1d71c6287b1ade9085ed7337255d875f&gift=hotel HTTP/1.1" 200 749 "-" "Mozilla/5.0 (Windows NT 10.0; Win64; x64) AppleWebKit/537.36 (KHTML, like Gecko) Chrome/127.0.0.0 Safari/537.36"
52.185.172.150 - - [18/Feb/2025:10:44:04 +0000] "GET /?AuthToken=4cd8ccc047342c0791bbb41708649f64&gift=watch HTTP/1.1" 200 749 "-" "Mozilla/5.0 (Windows NT 10.0; Win64; x64) AppleWebKit/537.36 (KHTML, like Gecko) Chrome/126.0.0.0 Safari/537.36"
52.156.36.188 - - [18/Feb/2025:10:44:09 +0000] "GET /?AuthToken=1d71c6287b1ade9085ed7337255d875f&gift=hotel HTTP/1.1" 200 749 "-" "Mozilla/5.0 (Windows NT 10.0; Win64; x64) AppleWebKit/537.36 (KHTML, like Gecko) Chrome/126.0.0.0 Safari/537.36"
52.155.109.246 - - [18/Feb/2025:10:44:09 +0000] "GET /?AuthToken=1d71c6287b1ade9085ed7337255d875f&gift=hotel HTTP/1.1" 200 749 "-" "Mozilla/5.0 (Windows NT 10.0; Win64; x64) AppleWebKit/537.36 (KHTML, like Gecko) Chrome/126.0.0.0 Safari/537.36"
52.194.65.86 - - [18/Feb/2025:10:44:39 +0000] "GET /?AuthToken=936e6aa7e35fb18bdae410b3bb97097e&gift=hotel HTTP/1.1" 200 749 "-" "Mozilla/5.0 (Windows NT 10.0; Win64; x64) AppleWebKit/537.36 (KHTML, like Gecko) Chrome/127.0.0.0 Safari/537.36"
52.194.65.86 - - [18/Feb/2025:10:44:39 +0000] "GET /?AuthToken=936e6aa7e35fb18bdae410b3bb97097e&gift=watch HTTP/1.1" 200 749 "-" "Mozilla/5.0 (Windows NT 10.0; Win64; x64) AppleWebKit/537.36 (KHTML, like Gecko) Chrome/127.0.0.0 Safari/537.36"
52.155.109.246 - - [18/Feb/2025:10:44:45 +0000] "GET /?AuthToken=936e6aa7e35fb18bdae410b3bb97097e&gift=watch HTTP/1.1" 200 749 "-" "Mozilla/5.0 (Windows NT 10.0; Win64; x64) AppleWebKit/537.36 (KHTML, like Gecko) Chrome/126.0.0.0 Safari/537.36"
52.194.65.86 - - [18/Feb/2025:10:44:45 +0000] "GET /?AuthToken=479b5e173441a7b53c4f72092d4a41c1&gift=watch HTTP/1.1" 200 749 "-" "Mozilla/5.0 (Windows NT 10.0; Win64; x64) AppleWebKit/537.36 (KHTML, like Gecko) Chrome/127.0.0.0 Safari/537.36"
52.155.111.203 - - [18/Feb/2025:10:44:45 +0000] "GET /?AuthToken=936e6aa7e35fb18bdae410b3bb97097e&gift=hotel HTTP/1.1" 200 749 "-" "Mozilla/5.0 (Windows NT 10.0; Win64; x64) AppleWebKit/537.36 (KHTML, like Gecko) Chrome/126.0.0.0 Safari/537.36"
52.10.178.160 - - [18/Feb/2025:10:44:45 +0000] "GET /?AuthToken=c126e30e4df3dbe9f705770771ed2b4b&gift=hotel HTTP/1.1" 200 900 "-" "Mozilla/5.0 (Windows NT 10.0; Win64; x64) AppleWebKit/537.36 (KHTML, like Gecko) Chrome/113.0.0.0 Safari/537.36"
52.185.172.21 - - [18/Feb/2025:10:44:45 +0000] "GET /?AuthToken=936e6aa7e35fb18bdae410b3bb97097e&gift=watch HTTP/1.1" 200 749 "-" "Mozilla/5.0 (Windows NT 10.0; Win64; x64) AppleWebKit/537.36 (KHTML, like Gecko) Chrome/126.0.0.0 Safari/537.36"
172.207.175.231 - - [18/Feb/2025:10:44:45 +0000] "GET /?AuthToken=936e6aa7e35fb18bdae410b3bb97097e&gift=hotel HTTP/1.1" 200 749 "-" "Mozilla/5.0 (Windows NT 10.0; Win64; x64) AppleWebKit/537.36 (KHTML, like Gecko) Chrome/126.0.0.0 Safari/537.36"
52.194.65.86 - - [18/Feb/2025:10:44:45 +0000] "GET /?AuthToken=479b5e173441a7b53c4f72092d4a41c1&gift=hotel HTTP/1.1" 200 749 "-" "Mozilla/5.0 (Windows NT 10.0; Win64; x64) AppleWebKit/537.36 (KHTML, like Gecko) Chrome/127.0.0.0 Safari/537.36"
54.248.34.178 - - [18/Feb/2025:10:44:48 +0000] "GET /?AuthToken=c126e30e4df3dbe9f705770771ed2b4b&gift=hotel HTTP/1.1" 200 749 "-" "Mozilla/5.0 (Windows NT 10.0; Win64; x64) AppleWebKit/537.36 (KHTML, like Gecko) Chrome/127.0.0.0 Safari/537.36"
52.140.230.95 - - [18/Feb/2025:10:44:52 +0000] "GET /?AuthToken=479b5e173441a7b53c4f72092d4a41c1&gift=watch HTTP/1.1" 200 749 "-" "Mozilla/5.0 (Windows NT 10.0; Win64; x64) AppleWebKit/537.36 (KHTML, like Gecko) Chrome/126.0.0.0 Safari/537.36"
172.207.174.187 - - [18/Feb/2025:10:44:52 +0000] "GET /?AuthToken=479b5e173441a7b53c4f72092d4a41c1&gift=hotel HTTP/1.1" 200 749 "-" "Mozilla/5.0 (Windows NT 10.0; Win64; x64) AppleWebKit/537.36 (KHTML, like Gecko) Chrome/126.0.0.0 Safari/537.36"
52.185.172.101 - - [18/Feb/2025:10:44:52 +0000] "GET /?AuthToken=479b5e173441a7b53c4f72092d4a41c1&gift=watch HTTP/1.1" 200 749 "-" "Mozilla/5.0 (Windows NT 10.0; Win64; x64) AppleWebKit/537.36 (KHTML, like Gecko) Chrome/126.0.0.0 Safari/537.36"
52.185.172.101 - - [18/Feb/2025:10:44:52 +0000] "GET /?AuthToken=479b5e173441a7b53c4f72092d4a41c1&gift=hotel HTTP/1.1" 200 749 "-" "Mozilla/5.0 (Windows NT 10.0; Win64; x64) AppleWebKit/537.36 (KHTML, like Gecko) Chrome/126.0.0.0 Safari/537.36"
52.156.36.188 - - [18/Feb/2025:10:44:54 +0000] "GET /?AuthToken=c126e30e4df3dbe9f705770771ed2b4b&gift=hotel HTTP/1.1" 200 749 "-" "Mozilla/5.0 (Windows NT 10.0; Win64; x64) AppleWebKit/537.36 (KHTML, like Gecko) Chrome/126.0.0.0 Safari/537.36"
172.207.170.250 - - [18/Feb/2025:10:44:54 +0000] "GET /?AuthToken=c126e30e4df3dbe9f705770771ed2b4b&gift=hotel HTTP/1.1" 200 749 "-" "Mozilla/5.0 (Windows NT 10.0; Win64; x64) AppleWebKit/537.36 (KHTML, like Gecko) Chrome/126.0.0.0 Safari/537.36"
52.194.65.86 - - [18/Feb/2025:10:45:05 +0000] "GET /?AuthToken=644867173e62d6a4a5fdaaef3316acc3&gift=watch HTTP/1.1" 200 749 "-" "Mozilla/5.0 (Windows NT 10.0; Win64; x64) AppleWebKit/537.36 (KHTML, like Gecko) Chrome/127.0.0.0 Safari/537.36"
20.37.120.145 - - [18/Feb/2025:10:45:11 +0000] "GET /?AuthToken=644867173e62d6a4a5fdaaef3316acc3&gift=watch HTTP/1.1" 200 749 "-" "Mozilla/5.0 (Windows NT 10.0; Win64; x64) AppleWebKit/537.36 (KHTML, like Gecko) Chrome/126.0.0.0 Safari/537.36"
20.37.120.145 - - [18/Feb/2025:10:45:11 +0000] "GET /?AuthToken=644867173e62d6a4a5fdaaef3316acc3&gift=watch HTTP/1.1" 200 749 "-" "Mozilla/5.0 (Windows NT 10.0; Win64; x64) AppleWebKit/537.36 (KHTML, like Gecko) Chrome/126.0.0.0 Safari/537.36"
74.225.247.252 - - [18/Feb/2025:10:45:14 +0000] "GET /?AuthToken=1d71c6287b1ade9085ed7337255d875f&gift=watch HTTP/1.1" 200 749 "-" "Mozilla/5.0 (Windows NT 10.0; Win64; x64) AppleWebKit/537.36 (KHTML, like Gecko) Chrome/127.0.6523.4 Safari/537.36"
74.225.247.252 - - [18/Feb/2025:10:45:14 +0000] "GET /image.php?reader=1d71c6287b1ade9085ed7337255d875f HTTP/1.1" 200 431 "-" "Mozilla/5.0 (Windows NT 10.0; Win64; x64) AppleWebKit/537.36 (KHTML, like Gecko) Chrome/127.0.6523.4 Safari/537.36"
74.225.247.252 - - [18/Feb/2025:10:45:15 +0000] "GET /?AuthToken=1d71c6287b1ade9085ed7337255d875f&gift=hotel HTTP/1.1" 200 749 "-" "Mozilla/5.0 (Windows NT 10.0; Win64; x64) AppleWebKit/537.36 (KHTML, like Gecko) Chrome/127.0.6523.4 Safari/537.36"
52.194.65.86 - - [18/Feb/2025:10:45:21 +0000] "GET /?AuthToken=3472321ee6a425df61479cd4f73654f7&gift=hotel HTTP/1.1" 200 749 "-" "Mozilla/5.0 (Windows NT 10.0; Win64; x64) AppleWebKit/537.36 (KHTML, like Gecko) Chrome/127.0.0.0 Safari/537.36"
52.194.65.86 - - [18/Feb/2025:10:45:21 +0000] "GET /?AuthToken=3472321ee6a425df61479cd4f73654f7&gift=watch HTTP/1.1" 200 749 "-" "Mozilla/5.0 (Windows NT 10.0; Win64; x64) AppleWebKit/537.36 (KHTML, like Gecko) Chrome/127.0.0.0 Safari/537.36"
74.225.247.252 - - [18/Feb/2025:10:45:22 +0000] "GET /favicon.ico HTTP/1.1" 404 493 "http://147.93.111.204/image.php?reader=1d71c6287b1ade9085ed7337255d875f" "Mozilla/5.0 (Windows NT 10.0; Win64; x64) AppleWebKit/537.36 (KHTML, like Gecko) Chrome/127.0.6523.4 Safari/537.36"
52.140.230.95 - - [18/Feb/2025:10:45:25 +0000] "GET /?AuthToken=3472321ee6a425df61479cd4f73654f7&gift=hotel HTTP/1.1" 200 749 "-" "Mozilla/5.0 (Windows NT 10.0; Win64; x64) AppleWebKit/537.36 (KHTML, like Gecko) Chrome/126.0.0.0 Safari/537.36"
172.207.170.250 - - [18/Feb/2025:10:45:25 +0000] "GET /?AuthToken=3472321ee6a425df61479cd4f73654f7&gift=hotel HTTP/1.1" 200 749 "-" "Mozilla/5.0 (Windows NT 10.0; Win64; x64) AppleWebKit/537.36 (KHTML, like Gecko) Chrome/126.0.0.0 Safari/537.36"
52.155.110.189 - - [18/Feb/2025:10:45:26 +0000] "GET /?AuthToken=3472321ee6a425df61479cd4f73654f7&gift=watch HTTP/1.1" 200 749 "-" "Mozilla/5.0 (Windows NT 10.0; Win64; x64) AppleWebKit/537.36 (KHTML, like Gecko) Chrome/126.0.0.0 Safari/537.36"
52.185.172.101 - - [18/Feb/2025:10:45:26 +0000] "GET /?AuthToken=3472321ee6a425df61479cd4f73654f7&gift=watch HTTP/1.1" 200 749 "-" "Mozilla/5.0 (Windows NT 10.0; Win64; x64) AppleWebKit/537.36 (KHTML, like Gecko) Chrome/126.0.0.0 Safari/537.36"
52.194.65.86 - - [18/Feb/2025:10:45:27 +0000] "GET /?AuthToken=a05dc387c8394d5436f88a0df2889686&gift=hotel HTTP/1.1" 200 749 "-" "Mozilla/5.0 (Windows NT 10.0; Win64; x64) AppleWebKit/537.36 (KHTML, like Gecko) Chrome/127.0.0.0 Safari/537.36"
74.225.247.252 - - [18/Feb/2025:10:45:30 +0000] "GET /favicon.ico HTTP/1.1" 404 493 "http://147.93.111.204/?AuthToken=1d71c6287b1ade9085ed7337255d875f&gift=watch" "Mozilla/5.0 (Windows NT 10.0; Win64; x64) AppleWebKit/537.36 (KHTML, like Gecko) Chrome/127.0.6523.4 Safari/537.36"
74.225.247.252 - - [18/Feb/2025:10:45:31 +0000] "GET /favicon.ico HTTP/1.1" 404 492 "http://147.93.111.204/?AuthToken=1d71c6287b1ade9085ed7337255d875f&gift=hotel" "Mozilla/5.0 (Windows NT 10.0; Win64; x64) AppleWebKit/537.36 (KHTML, like Gecko) Chrome/127.0.6523.4 Safari/537.36"
52.155.110.189 - - [18/Feb/2025:10:45:32 +0000] "GET /?AuthToken=a05dc387c8394d5436f88a0df2889686&gift=hotel HTTP/1.1" 200 749 "-" "Mozilla/5.0 (Windows NT 10.0; Win64; x64) AppleWebKit/537.36 (KHTML, like Gecko) Chrome/126.0.0.0 Safari/537.36"
172.207.170.250 - - [18/Feb/2025:10:45:32 +0000] "GET /?AuthToken=a05dc387c8394d5436f88a0df2889686&gift=hotel HTTP/1.1" 200 749 "-" "Mozilla/5.0 (Windows NT 10.0; Win64; x64) AppleWebKit/537.36 (KHTML, like Gecko) Chrome/126.0.0.0 Safari/537.36"
54.248.34.178 - - [18/Feb/2025:10:45:40 +0000] "GET /?AuthToken=4ed3a4cb0ce6940d895942e2e2750522&gift=hotel HTTP/1.1" 200 749 "-" "Mozilla/5.0 (Windows NT 10.0; Win64; x64) AppleWebKit/537.36 (KHTML, like Gecko) Chrome/127.0.0.0 Safari/537.36"
52.194.65.86 - - [18/Feb/2025:10:45:40 +0000] "GET /?AuthToken=4ed3a4cb0ce6940d895942e2e2750522&gift=watch HTTP/1.1" 200 749 "-" "Mozilla/5.0 (Windows NT 10.0; Win64; x64) AppleWebKit/537.36 (KHTML, like Gecko) Chrome/127.0.0.0 Safari/537.36"
20.37.120.145 - - [18/Feb/2025:10:45:46 +0000] "GET /?AuthToken=4ed3a4cb0ce6940d895942e2e2750522&gift=hotel HTTP/1.1" 200 749 "-" "Mozilla/5.0 (Windows NT 10.0; Win64; x64) AppleWebKit/537.36 (KHTML, like Gecko) Chrome/126.0.0.0 Safari/537.36"
52.156.36.188 - - [18/Feb/2025:10:45:46 +0000] "GET /?AuthToken=4ed3a4cb0ce6940d895942e2e2750522&gift=watch HTTP/1.1" 200 749 "-" "Mozilla/5.0 (Windows NT 10.0; Win64; x64) AppleWebKit/537.36 (KHTML, like Gecko) Chrome/126.0.0.0 Safari/537.36"
52.140.230.95 - - [18/Feb/2025:10:45:47 +0000] "GET /?AuthToken=4ed3a4cb0ce6940d895942e2e2750522&gift=watch HTTP/1.1" 200 749 "-" "Mozilla/5.0 (Windows NT 10.0; Win64; x64) AppleWebKit/537.36 (KHTML, like Gecko) Chrome/126.0.0.0 Safari/537.36"
52.185.172.150 - - [18/Feb/2025:10:45:47 +0000] "GET /?AuthToken=4ed3a4cb0ce6940d895942e2e2750522&gift=hotel HTTP/1.1" 200 749 "-" "Mozilla/5.0 (Windows NT 10.0; Win64; x64) AppleWebKit/537.36 (KHTML, like Gecko) Chrome/126.0.0.0 Safari/537.36"
20.219.248.193 - - [18/Feb/2025:10:45:47 +0000] "GET /image.php?reader=936e6aa7e35fb18bdae410b3bb97097e HTTP/1.1" 200 431 "-" "Mozilla/5.0 (Windows NT 10.0; Win64; x64) AppleWebKit/537.36 (KHTML, like Gecko) Chrome/125.0.6422.143 Safari/537.36"
20.219.248.193 - - [18/Feb/2025:10:45:47 +0000] "GET /?AuthToken=936e6aa7e35fb18bdae410b3bb97097e&gift=hotel HTTP/1.1" 200 749 "-" "Mozilla/5.0 (Windows NT 10.0; Win64; x64) AppleWebKit/537.36 (KHTML, like Gecko) Chrome/125.0.6422.143 Safari/537.36"
20.219.248.193 - - [18/Feb/2025:10:45:47 +0000] "GET /?AuthToken=936e6aa7e35fb18bdae410b3bb97097e&gift=watch HTTP/1.1" 200 749 "-" "Mozilla/5.0 (Windows NT 10.0; Win64; x64) AppleWebKit/537.36 (KHTML, like Gecko) Chrome/125.0.6422.143 Safari/537.36"
20.219.248.193 - - [18/Feb/2025:10:45:52 +0000] "GET /favicon.ico HTTP/1.1" 404 493 "http://147.93.111.204/image.php?reader=936e6aa7e35fb18bdae410b3bb97097e" "Mozilla/5.0 (Windows NT 10.0; Win64; x64) AppleWebKit/537.36 (KHTML, like Gecko) Chrome/125.0.6422.143 Safari/537.36"
52.194.65.86 - - [18/Feb/2025:10:45:54 +0000] "GET /?AuthToken=c4cb6d028dce409dfe8a596b4cc1a93f&gift=hotel HTTP/1.1" 200 749 "-" "Mozilla/5.0 (Windows NT 10.0; Win64; x64) AppleWebKit/537.36 (KHTML, like Gecko) Chrome/127.0.0.0 Safari/537.36"
52.194.65.86 - - [18/Feb/2025:10:45:55 +0000] "GET /?AuthToken=c4cb6d028dce409dfe8a596b4cc1a93f&gift=watch HTTP/1.1" 200 749 "-" "Mozilla/5.0 (Windows NT 10.0; Win64; x64) AppleWebKit/537.36 (KHTML, like Gecko) Chrome/127.0.0.0 Safari/537.36"
52.136.34.225 - - [18/Feb/2025:10:45:58 +0000] "GET /?AuthToken=479b5e173441a7b53c4f72092d4a41c1&gift=watch HTTP/1.1" 200 749 "-" "Mozilla/5.0 (Windows NT 10.0; Win64; x64) AppleWebKit/537.36 (KHTML, like Gecko) Chrome/125.0.6422.143 Safari/537.36"
52.136.34.225 - - [18/Feb/2025:10:45:58 +0000] "GET /image.php?reader=479b5e173441a7b53c4f72092d4a41c1 HTTP/1.1" 200 430 "-" "Mozilla/5.0 (Windows NT 10.0; Win64; x64) AppleWebKit/537.36 (KHTML, like Gecko) Chrome/125.0.6422.143 Safari/537.36"
52.136.34.225 - - [18/Feb/2025:10:45:58 +0000] "GET /?AuthToken=479b5e173441a7b53c4f72092d4a41c1&gift=hotel HTTP/1.1" 200 748 "-" "Mozilla/5.0 (Windows NT 10.0; Win64; x64) AppleWebKit/537.36 (KHTML, like Gecko) Chrome/125.0.6422.143 Safari/537.36"
54.248.34.178 - - [18/Feb/2025:10:46:01 +0000] "GET /?AuthToken=103eb6b448969085a2a1dd1fc24921b7&gift=watch HTTP/1.1" 200 749 "-" "Mozilla/5.0 (Windows NT 10.0; Win64; x64) AppleWebKit/537.36 (KHTML, like Gecko) Chrome/127.0.0.0 Safari/537.36"
52.194.65.86 - - [18/Feb/2025:10:46:02 +0000] "GET /?AuthToken=103eb6b448969085a2a1dd1fc24921b7&gift=hotel HTTP/1.1" 200 749 "-" "Mozilla/5.0 (Windows NT 10.0; Win64; x64) AppleWebKit/537.36 (KHTML, like Gecko) Chrome/127.0.0.0 Safari/537.36"
20.219.248.193 - - [18/Feb/2025:10:46:02 +0000] "GET /favicon.ico HTTP/1.1" 404 493 "http://147.93.111.204/?AuthToken=936e6aa7e35fb18bdae410b3bb97097e&gift=watch" "Mozilla/5.0 (Windows NT 10.0; Win64; x64) AppleWebKit/537.36 (KHTML, like Gecko) Chrome/125.0.6422.143 Safari/537.36"
20.219.248.193 - - [18/Feb/2025:10:46:02 +0000] "GET /favicon.ico HTTP/1.1" 404 492 "http://147.93.111.204/?AuthToken=936e6aa7e35fb18bdae410b3bb97097e&gift=hotel" "Mozilla/5.0 (Windows NT 10.0; Win64; x64) AppleWebKit/537.36 (KHTML, like Gecko) Chrome/125.0.6422.143 Safari/537.36"
52.155.105.248 - - [18/Feb/2025:10:46:02 +0000] "GET /?AuthToken=c4cb6d028dce409dfe8a596b4cc1a93f&gift=hotel HTTP/1.1" 200 749 "-" "Mozilla/5.0 (Windows NT 10.0; Win64; x64) AppleWebKit/537.36 (KHTML, like Gecko) Chrome/126.0.0.0 Safari/537.36"
52.185.172.101 - - [18/Feb/2025:10:46:03 +0000] "GET /?AuthToken=c4cb6d028dce409dfe8a596b4cc1a93f&gift=hotel HTTP/1.1" 200 749 "-" "Mozilla/5.0 (Windows NT 10.0; Win64; x64) AppleWebKit/537.36 (KHTML, like Gecko) Chrome/126.0.0.0 Safari/537.36"
52.155.109.246 - - [18/Feb/2025:10:46:04 +0000] "GET /?AuthToken=c4cb6d028dce409dfe8a596b4cc1a93f&gift=watch HTTP/1.1" 200 749 "-" "Mozilla/5.0 (Windows NT 10.0; Win64; x64) AppleWebKit/537.36 (KHTML, like Gecko) Chrome/126.0.0.0 Safari/537.36"
52.155.108.173 - - [18/Feb/2025:10:46:05 +0000] "GET /?AuthToken=c4cb6d028dce409dfe8a596b4cc1a93f&gift=watch HTTP/1.1" 200 749 "-" "Mozilla/5.0 (Windows NT 10.0; Win64; x64) AppleWebKit/537.36 (KHTML, like Gecko) Chrome/126.0.0.0 Safari/537.36"
52.185.172.101 - - [18/Feb/2025:10:46:05 +0000] "GET /?AuthToken=103eb6b448969085a2a1dd1fc24921b7&gift=hotel HTTP/1.1" 200 749 "-" "Mozilla/5.0 (Windows NT 10.0; Win64; x64) AppleWebKit/537.36 (KHTML, like Gecko) Chrome/126.0.0.0 Safari/537.36"
52.155.109.246 - - [18/Feb/2025:10:46:06 +0000] "GET /?AuthToken=103eb6b448969085a2a1dd1fc24921b7&gift=hotel HTTP/1.1" 200 749 "-" "Mozilla/5.0 (Windows NT 10.0; Win64; x64) AppleWebKit/537.36 (KHTML, like Gecko) Chrome/126.0.0.0 Safari/537.36"
52.185.172.101 - - [18/Feb/2025:10:46:06 +0000] "GET /?AuthToken=103eb6b448969085a2a1dd1fc24921b7&gift=watch HTTP/1.1" 200 749 "-" "Mozilla/5.0 (Windows NT 10.0; Win64; x64) AppleWebKit/537.36 (KHTML, like Gecko) Chrome/126.0.0.0 Safari/537.36"
172.207.174.187 - - [18/Feb/2025:10:46:07 +0000] "GET /?AuthToken=103eb6b448969085a2a1dd1fc24921b7&gift=watch HTTP/1.1" 200 749 "-" "Mozilla/5.0 (Windows NT 10.0; Win64; x64) AppleWebKit/537.36 (KHTML, like Gecko) Chrome/126.0.0.0 Safari/537.36"
54.248.34.178 - - [18/Feb/2025:10:46:07 +0000] "GET /?AuthToken=c242fae0cf4ff1e63a02213aeba06bec&gift=hotel HTTP/1.1" 200 749 "-" "Mozilla/5.0 (Windows NT 10.0; Win64; x64) AppleWebKit/537.36 (KHTML, like Gecko) Chrome/127.0.0.0 Safari/537.36"
54.248.34.178 - - [18/Feb/2025:10:46:07 +0000] "GET /?AuthToken=c242fae0cf4ff1e63a02213aeba06bec&gift=watch HTTP/1.1" 200 749 "-" "Mozilla/5.0 (Windows NT 10.0; Win64; x64) AppleWebKit/537.36 (KHTML, like Gecko) Chrome/127.0.0.0 Safari/537.36"
52.194.65.86 - - [18/Feb/2025:10:46:12 +0000] "GET /?AuthToken=e7e24d5096ed070b96ca580420c7f7af&gift=hotel HTTP/1.1" 200 749 "-" "Mozilla/5.0 (Windows NT 10.0; Win64; x64) AppleWebKit/537.36 (KHTML, like Gecko) Chrome/127.0.0.0 Safari/537.36"
54.248.34.178 - - [18/Feb/2025:10:46:12 +0000] "GET /?AuthToken=e7e24d5096ed070b96ca580420c7f7af&gift=watch HTTP/1.1" 200 749 "-" "Mozilla/5.0 (Windows NT 10.0; Win64; x64) AppleWebKit/537.36 (KHTML, like Gecko) Chrome/127.0.0.0 Safari/537.36"
52.185.172.101 - - [18/Feb/2025:10:46:14 +0000] "GET /?AuthToken=c242fae0cf4ff1e63a02213aeba06bec&gift=hotel HTTP/1.1" 200 749 "-" "Mozilla/5.0 (Windows NT 10.0; Win64; x64) AppleWebKit/537.36 (KHTML, like Gecko) Chrome/126.0.0.0 Safari/537.36"
172.207.170.250 - - [18/Feb/2025:10:46:14 +0000] "GET /?AuthToken=c242fae0cf4ff1e63a02213aeba06bec&gift=watch HTTP/1.1" 200 749 "-" "Mozilla/5.0 (Windows NT 10.0; Win64; x64) AppleWebKit/537.36 (KHTML, like Gecko) Chrome/126.0.0.0 Safari/537.36"
52.155.105.248 - - [18/Feb/2025:10:46:14 +0000] "GET /?AuthToken=c242fae0cf4ff1e63a02213aeba06bec&gift=hotel HTTP/1.1" 200 749 "-" "Mozilla/5.0 (Windows NT 10.0; Win64; x64) AppleWebKit/537.36 (KHTML, like Gecko) Chrome/126.0.0.0 Safari/537.36"
172.207.170.250 - - [18/Feb/2025:10:46:14 +0000] "GET /?AuthToken=c242fae0cf4ff1e63a02213aeba06bec&gift=watch HTTP/1.1" 200 749 "-" "Mozilla/5.0 (Windows NT 10.0; Win64; x64) AppleWebKit/537.36 (KHTML, like Gecko) Chrome/126.0.0.0 Safari/537.36"
52.136.34.225 - - [18/Feb/2025:10:46:15 +0000] "GET /favicon.ico HTTP/1.1" 404 493 "http://147.93.111.204/image.php?reader=479b5e173441a7b53c4f72092d4a41c1" "Mozilla/5.0 (Windows NT 10.0; Win64; x64) AppleWebKit/537.36 (KHTML, like Gecko) Chrome/125.0.6422.143 Safari/537.36"
4.247.165.233 - - [18/Feb/2025:10:46:15 +0000] "GET /?AuthToken=644867173e62d6a4a5fdaaef3316acc3&gift=watch HTTP/1.1" 200 749 "-" "Mozilla/5.0 (Windows NT 10.0; Win64; x64) AppleWebKit/537.36 (KHTML, like Gecko) Chrome/127.0.6523.4 Safari/537.36"
4.247.165.233 - - [18/Feb/2025:10:46:15 +0000] "GET /?AuthToken=644867173e62d6a4a5fdaaef3316acc3&gift=hotel HTTP/1.1" 200 748 "-" "Mozilla/5.0 (Windows NT 10.0; Win64; x64) AppleWebKit/537.36 (KHTML, like Gecko) Chrome/127.0.6523.4 Safari/537.36"
4.247.165.233 - - [18/Feb/2025:10:46:15 +0000] "GET /image.php?reader=644867173e62d6a4a5fdaaef3316acc3 HTTP/1.1" 200 430 "-" "Mozilla/5.0 (Windows NT 10.0; Win64; x64) AppleWebKit/537.36 (KHTML, like Gecko) Chrome/127.0.6523.4 Safari/537.36"
52.156.36.188 - - [18/Feb/2025:10:46:17 +0000] "GET /?AuthToken=e7e24d5096ed070b96ca580420c7f7af&gift=watch HTTP/1.1" 200 749 "-" "Mozilla/5.0 (Windows NT 10.0; Win64; x64) AppleWebKit/537.36 (KHTML, like Gecko) Chrome/126.0.0.0 Safari/537.36"
52.140.230.95 - - [18/Feb/2025:10:46:17 +0000] "GET /?AuthToken=e7e24d5096ed070b96ca580420c7f7af&gift=watch HTTP/1.1" 200 749 "-" "Mozilla/5.0 (Windows NT 10.0; Win64; x64) AppleWebKit/537.36 (KHTML, like Gecko) Chrome/126.0.0.0 Safari/537.36"
52.156.36.188 - - [18/Feb/2025:10:46:19 +0000] "GET /?AuthToken=e7e24d5096ed070b96ca580420c7f7af&gift=hotel HTTP/1.1" 200 749 "-" "Mozilla/5.0 (Windows NT 10.0; Win64; x64) AppleWebKit/537.36 (KHTML, like Gecko) Chrome/126.0.0.0 Safari/537.36"
172.207.170.147 - - [18/Feb/2025:10:46:19 +0000] "GET /?AuthToken=e7e24d5096ed070b96ca580420c7f7af&gift=hotel HTTP/1.1" 200 749 "-" "Mozilla/5.0 (Windows NT 10.0; Win64; x64) AppleWebKit/537.36 (KHTML, like Gecko) Chrome/126.0.0.0 Safari/537.36"
4.247.165.233 - - [18/Feb/2025:10:46:21 +0000] "GET /favicon.ico HTTP/1.1" 404 493 "http://147.93.111.204/image.php?reader=644867173e62d6a4a5fdaaef3316acc3" "Mozilla/5.0 (Windows NT 10.0; Win64; x64) AppleWebKit/537.36 (KHTML, like Gecko) Chrome/127.0.6523.4 Safari/537.36"
20.219.248.193 - - [18/Feb/2025:10:46:21 +0000] "GET /?AuthToken=c126e30e4df3dbe9f705770771ed2b4b&gift=watch HTTP/1.1" 200 749 "-" "Mozilla/5.0 (Windows NT 10.0; Win64; x64) AppleWebKit/537.36 (KHTML, like Gecko) Chrome/126.0.6478.36 Safari/537.36"
20.219.248.193 - - [18/Feb/2025:10:46:21 +0000] "GET /?AuthToken=c126e30e4df3dbe9f705770771ed2b4b&gift=hotel HTTP/1.1" 200 748 "-" "Mozilla/5.0 (Windows NT 10.0; Win64; x64) AppleWebKit/537.36 (KHTML, like Gecko) Chrome/126.0.6478.36 Safari/537.36"
20.219.248.193 - - [18/Feb/2025:10:46:21 +0000] "GET /image.php?reader=c126e30e4df3dbe9f705770771ed2b4b HTTP/1.1" 200 431 "-" "Mozilla/5.0 (Windows NT 10.0; Win64; x64) AppleWebKit/537.36 (KHTML, like Gecko) Chrome/126.0.6478.36 Safari/537.36"
52.194.65.86 - - [18/Feb/2025:10:46:22 +0000] "GET /?AuthToken=b36ccc55d66e08694ffc400d6b49b790&gift=hotel HTTP/1.1" 200 749 "-" "Mozilla/5.0 (Windows NT 10.0; Win64; x64) AppleWebKit/537.36 (KHTML, like Gecko) Chrome/127.0.0.0 Safari/537.36"
52.136.34.225 - - [18/Feb/2025:10:46:22 +0000] "GET /favicon.ico HTTP/1.1" 404 493 "http://147.93.111.204/?AuthToken=479b5e173441a7b53c4f72092d4a41c1&gift=watch" "Mozilla/5.0 (Windows NT 10.0; Win64; x64) AppleWebKit/537.36 (KHTML, like Gecko) Chrome/125.0.6422.143 Safari/537.36"
52.136.34.225 - - [18/Feb/2025:10:46:25 +0000] "GET /favicon.ico HTTP/1.1" 404 493 "http://147.93.111.204/?AuthToken=479b5e173441a7b53c4f72092d4a41c1&gift=hotel" "Mozilla/5.0 (Windows NT 10.0; Win64; x64) AppleWebKit/537.36 (KHTML, like Gecko) Chrome/125.0.6422.143 Safari/537.36"
52.194.65.86 - - [18/Feb/2025:10:46:27 +0000] "GET /?AuthToken=fb981a290cb375fa0884e0d84785a38c&gift=watch HTTP/1.1" 200 749 "-" "Mozilla/5.0 (Windows NT 10.0; Win64; x64) AppleWebKit/537.36 (KHTML, like Gecko) Chrome/127.0.0.0 Safari/537.36"
4.247.165.233 - - [18/Feb/2025:10:46:27 +0000] "GET /favicon.ico HTTP/1.1" 404 493 "http://147.93.111.204/?AuthToken=644867173e62d6a4a5fdaaef3316acc3&gift=watch" "Mozilla/5.0 (Windows NT 10.0; Win64; x64) AppleWebKit/537.36 (KHTML, like Gecko) Chrome/127.0.6523.4 Safari/537.36"
20.37.107.112 - - [18/Feb/2025:10:46:27 +0000] "GET /?AuthToken=b36ccc55d66e08694ffc400d6b49b790&gift=hotel HTTP/1.1" 200 749 "-" "Mozilla/5.0 (Windows NT 10.0; Win64; x64) AppleWebKit/537.36 (KHTML, like Gecko) Chrome/126.0.0.0 Safari/537.36"
52.185.172.150 - - [18/Feb/2025:10:46:27 +0000] "GET /?AuthToken=b36ccc55d66e08694ffc400d6b49b790&gift=hotel HTTP/1.1" 200 749 "-" "Mozilla/5.0 (Windows NT 10.0; Win64; x64) AppleWebKit/537.36 (KHTML, like Gecko) Chrome/126.0.0.0 Safari/537.36"
20.219.248.193 - - [18/Feb/2025:10:46:28 +0000] "GET /favicon.ico HTTP/1.1" 404 493 "http://147.93.111.204/image.php?reader=c126e30e4df3dbe9f705770771ed2b4b" "Mozilla/5.0 (Windows NT 10.0; Win64; x64) AppleWebKit/537.36 (KHTML, like Gecko) Chrome/126.0.6478.36 Safari/537.36"
4.247.165.233 - - [18/Feb/2025:10:46:30 +0000] "GET /favicon.ico HTTP/1.1" 404 493 "http://147.93.111.204/?AuthToken=644867173e62d6a4a5fdaaef3316acc3&gift=hotel" "Mozilla/5.0 (Windows NT 10.0; Win64; x64) AppleWebKit/537.36 (KHTML, like Gecko) Chrome/127.0.6523.4 Safari/537.36"
52.156.36.188 - - [18/Feb/2025:10:46:31 +0000] "GET /?AuthToken=fb981a290cb375fa0884e0d84785a38c&gift=watch HTTP/1.1" 200 749 "-" "Mozilla/5.0 (Windows NT 10.0; Win64; x64) AppleWebKit/537.36 (KHTML, like Gecko) Chrome/126.0.0.0 Safari/537.36"
172.207.175.231 - - [18/Feb/2025:10:46:32 +0000] "GET /?AuthToken=fb981a290cb375fa0884e0d84785a38c&gift=watch HTTP/1.1" 200 749 "-" "Mozilla/5.0 (Windows NT 10.0; Win64; x64) AppleWebKit/537.36 (KHTML, like Gecko) Chrome/126.0.0.0 Safari/537.36"
54.248.34.178 - - [18/Feb/2025:10:46:32 +0000] "GET /?AuthToken=727b4a111e638beb48ab4c84134bb2f4&gift=hotel HTTP/1.1" 200 749 "-" "Mozilla/5.0 (Windows NT 10.0; Win64; x64) AppleWebKit/537.36 (KHTML, like Gecko) Chrome/127.0.0.0 Safari/537.36"
52.194.65.86 - - [18/Feb/2025:10:46:32 +0000] "GET /?AuthToken=727b4a111e638beb48ab4c84134bb2f4&gift=watch HTTP/1.1" 200 749 "-" "Mozilla/5.0 (Windows NT 10.0; Win64; x64) AppleWebKit/537.36 (KHTML, like Gecko) Chrome/127.0.0.0 Safari/537.36"
20.235.158.140 - - [18/Feb/2025:10:46:35 +0000] "GET /?AuthToken=6b58c1c4ec9a3ca0b3dac03f0b4d6856&gift=watch HTTP/1.1" 200 749 "-" "Mozilla/5.0 (Windows NT 10.0; Win64; x64) AppleWebKit/537.36 (KHTML, like Gecko) Chrome/127.0.6523.4 Safari/537.36"
20.235.158.140 - - [18/Feb/2025:10:46:35 +0000] "GET /?AuthToken=6b58c1c4ec9a3ca0b3dac03f0b4d6856&gift=hotel HTTP/1.1" 200 749 "-" "Mozilla/5.0 (Windows NT 10.0; Win64; x64) AppleWebKit/537.36 (KHTML, like Gecko) Chrome/127.0.6523.4 Safari/537.36"
20.235.158.140 - - [18/Feb/2025:10:46:35 +0000] "GET /image.php?reader=6b58c1c4ec9a3ca0b3dac03f0b4d6856 HTTP/1.1" 200 431 "-" "Mozilla/5.0 (Windows NT 10.0; Win64; x64) AppleWebKit/537.36 (KHTML, like Gecko) Chrome/127.0.6523.4 Safari/537.36"
52.156.36.188 - - [18/Feb/2025:10:46:36 +0000] "GET /?AuthToken=727b4a111e638beb48ab4c84134bb2f4&gift=hotel HTTP/1.1" 200 749 "-" "Mozilla/5.0 (Windows NT 10.0; Win64; x64) AppleWebKit/537.36 (KHTML, like Gecko) Chrome/126.0.0.0 Safari/537.36"
52.155.109.246 - - [18/Feb/2025:10:46:37 +0000] "GET /?AuthToken=727b4a111e638beb48ab4c84134bb2f4&gift=hotel HTTP/1.1" 200 749 "-" "Mozilla/5.0 (Windows NT 10.0; Win64; x64) AppleWebKit/537.36 (KHTML, like Gecko) Chrome/126.0.0.0 Safari/537.36"
172.207.170.147 - - [18/Feb/2025:10:46:37 +0000] "GET /?AuthToken=727b4a111e638beb48ab4c84134bb2f4&gift=watch HTTP/1.1" 200 749 "-" "Mozilla/5.0 (Windows NT 10.0; Win64; x64) AppleWebKit/537.36 (KHTML, like Gecko) Chrome/126.0.0.0 Safari/537.36"
172.207.170.250 - - [18/Feb/2025:10:46:38 +0000] "GET /?AuthToken=727b4a111e638beb48ab4c84134bb2f4&gift=watch HTTP/1.1" 200 749 "-" "Mozilla/5.0 (Windows NT 10.0; Win64; x64) AppleWebKit/537.36 (KHTML, like Gecko) Chrome/126.0.0.0 Safari/537.36"
20.219.248.193 - - [18/Feb/2025:10:46:39 +0000] "GET /favicon.ico HTTP/1.1" 404 493 "http://147.93.111.204/?AuthToken=c126e30e4df3dbe9f705770771ed2b4b&gift=hotel" "Mozilla/5.0 (Windows NT 10.0; Win64; x64) AppleWebKit/537.36 (KHTML, like Gecko) Chrome/126.0.6478.36 Safari/537.36"
20.219.248.193 - - [18/Feb/2025:10:46:39 +0000] "GET /favicon.ico HTTP/1.1" 404 492 "http://147.93.111.204/?AuthToken=c126e30e4df3dbe9f705770771ed2b4b&gift=watch" "Mozilla/5.0 (Windows NT 10.0; Win64; x64) AppleWebKit/537.36 (KHTML, like Gecko) Chrome/126.0.6478.36 Safari/537.36"
54.248.34.178 - - [18/Feb/2025:10:46:40 +0000] "GET /?AuthToken=6f939c6980889572cb2b66fcdeb4f926&gift=watch HTTP/1.1" 200 749 "-" "Mozilla/5.0 (Windows NT 10.0; Win64; x64) AppleWebKit/537.36 (KHTML, like Gecko) Chrome/127.0.0.0 Safari/537.36"
54.248.34.178 - - [18/Feb/2025:10:46:40 +0000] "GET /?AuthToken=6f939c6980889572cb2b66fcdeb4f926&gift=hotel HTTP/1.1" 200 749 "-" "Mozilla/5.0 (Windows NT 10.0; Win64; x64) AppleWebKit/537.36 (KHTML, like Gecko) Chrome/127.0.0.0 Safari/537.36"
20.235.158.140 - - [18/Feb/2025:10:46:41 +0000] "GET /favicon.ico HTTP/1.1" 404 493 "http://147.93.111.204/image.php?reader=6b58c1c4ec9a3ca0b3dac03f0b4d6856" "Mozilla/5.0 (Windows NT 10.0; Win64; x64) AppleWebKit/537.36 (KHTML, like Gecko) Chrome/127.0.6523.4 Safari/537.36"
20.235.158.140 - - [18/Feb/2025:10:46:41 +0000] "GET /?AuthToken=4cd8ccc047342c0791bbb41708649f64&gift=watch HTTP/1.1" 200 749 "-" "Mozilla/5.0 (Windows NT 10.0; Win64; x64) AppleWebKit/537.36 (KHTML, like Gecko) Chrome/125.0.6422.142 Safari/537.36"
20.235.158.140 - - [18/Feb/2025:10:46:41 +0000] "GET /?AuthToken=4cd8ccc047342c0791bbb41708649f64&gift=hotel HTTP/1.1" 200 749 "-" "Mozilla/5.0 (Windows NT 10.0; Win64; x64) AppleWebKit/537.36 (KHTML, like Gecko) Chrome/125.0.6422.142 Safari/537.36"
20.235.158.140 - - [18/Feb/2025:10:46:41 +0000] "GET /image.php?reader=4cd8ccc047342c0791bbb41708649f64 HTTP/1.1" 200 431 "-" "Mozilla/5.0 (Windows NT 10.0; Win64; x64) AppleWebKit/537.36 (KHTML, like Gecko) Chrome/125.0.6422.142 Safari/537.36"
20.37.120.145 - - [18/Feb/2025:10:46:45 +0000] "GET /?AuthToken=6f939c6980889572cb2b66fcdeb4f926&gift=hotel HTTP/1.1" 200 749 "-" "Mozilla/5.0 (Windows NT 10.0; Win64; x64) AppleWebKit/537.36 (KHTML, like Gecko) Chrome/126.0.0.0 Safari/537.36"
